CRL0               drawing        300 0
CRL1               drawing        301 0
CRL2               drawing        302 0
CRL3               drawing        303 0
CRL4               drawing        304 0
CRL5               drawing        305 0
CRL6               drawing        306 0
CRL7               drawing        307 0
CRL8               drawing        308 0
CRL9               drawing        309 0
RES_mark           drawing        100 0
DIODE_mark         drawing        101 0
PIP_mark           drawing        102 0
MIM_mark           drawing        103 0
PDIODE_drc         drawing        104 0
BIPOLAR_drc        drawing        105 0
nonstd             drawing        106 0
noDRC              drawing        107 0
PAD_drc            drawing        108 0
JFET_mark          drawing        109 0
CAP_mark           drawing        110 0
RES_drc            drawing        111 0
RESM1_mark         drawing        112 0
RESM2_mark         drawing        113 0
RESM3_mark         drawing        114 0
RESM4_mark         drawing        115 0
RESM5_mark         drawing        116 0
RESMF_mark         drawing        117 0
noDiffFill         drawing        118 0
makeDiffFill       drawing        119 0
PSUB2              drawing        120 0
GEN_mark           drawing        121 0
RF_mark            drawing        122 0
IND_mark           drawing        123 0
SEAL_mark          drawing        124 0
LDMOS_mark         drawing        125 0
LF_BLOCK           drawing        130 0
LF_IP              drawing        131 0
IP_RING            drawing        132 0
DPORT              drawing        145 0
DIFF               drawing          1 0
DIFF               label            1 1
DIFF               pin              1 2
DIFF               fill             1 3
DIFF               blockFill        1 50
DIFF               makeFill         1 51
DIFF               slot             1 4
POLY1              drawing          2 0
NISO               drawing          3 0
NWELL              drawing          4 0
NWELL              blockGen         4 58
NWELL              makeGen          4 59
PWELL              drawing          5 0
PWELL              blockGen         5 58
PWELL              makeGen          5 59
P_MVT              drawing          6 0
N_MVT              drawing          7 0
P_CORE             drawing          8 0
N_CORE             drawing          9 0
P_LOWL             drawing         10 0
N_LOWL             drawing         11 0
HNWELL             drawing         12 0
HPWELL             drawing         13 0
DRIFT_N            drawing         14 0
DRIFT_P            drawing         15 0
HNC                drawing         16 0
HPC                drawing         17 0
MG                 drawing         18 0
CAP                drawing         19 0
MVT                drawing         20 0
NO_LVT             drawing         21 0
N_DUALGTE          drawing         22 0
HVT                drawing         23 0
FLGT               drawing         24 0
POLY2              drawing         25 0
POLY2              label           25 1
POLY2              pin             25 2
POLY2              fill            25 3
POLY2              blockFill       25 50
POLY2              makeFill        25 51
POLY2              slot            25 4
POLY2              locked0         25 90
POLY2E             drawing         26 0
ESDN               drawing         27 0
LDD                drawing         28 0
HLDD               drawing         29 0
P_MIN_LVT          drawing         30 0
N_MIN_LVT          drawing         31 0
P_MIN_MVT          drawing         32 0
N_MIN_MVT          drawing         33 0
P_MIN_HVT          drawing         34 0
N_MIN_HVT          drawing         35 0
P_MIN_LD           drawing         36 0
N_MIN_LD           drawing         37 0
P_PLUS_LD          drawing         38 0
N_PLUS_LD          drawing         39 0
P_PLUS             drawing         40 0
N_PLUS             drawing         41 0
ROM                drawing         42 0
SALBLOCK           drawing         43 0
SALBLOCK           blockGen        43 58
SALBLOCK           makeGen         43 59
CONT               drawing         44 0
CONT_bot           drawing        135 0
METAL1             drawing         45 0
METAL1             label           45 1
METAL1             pin             45 2
METAL1             fill            45 3
METAL1             blockFill       45 50
METAL1             makeFill        45 51
METAL1             slot            45 4
METAL1             locked0         45 90
MIV                drawing        134 0
METAL1_bot         drawing        133 0
METAL1_bot         label          133 1
METAL1_bot         pin            133 2
METAL1_bot         fill           133 3
METAL1_bot         blockFill      133 50
METAL1_bot         makeFill       133 51
METAL1_bot         slot           133 4
METAL1_bot         locked0        133 90
VIA1               drawing         46 0
METAL2             drawing         47 0
METAL2             label           47 1
METAL2             pin             47 2
METAL2             fill            47 3
METAL2             blockFill       47 50
METAL2             makeFill        47 51
METAL2             slot            47 4
VIA2               drawing         48 0
METAL3             drawing         49 0
METAL3             label           49 1
METAL3             pin             49 2
METAL3             fill            49 3
METAL3             blockFill       49 50
METAL3             makeFill        49 51
METAL3             slot            49 4
VIA3               drawing         50 0
METAL4             drawing         51 0
METAL4             label           51 1
METAL4             pin             51 2
METAL4             fill            51 3
METAL4             blockFill       51 50
METAL4             makeFill        51 51
METAL4             slot            51 4
VIA4               drawing         52 0
METAL5             drawing         53 0
METAL5             label           53 1
METAL5             pin             53 2
METAL5             fill            53 3
METAL5             blockFill       53 50
METAL5             makeFill        53 51
METAL5             slot            53 4
P_PLUS_LDH         drawing         54 0
N_PLUS_LDH         drawing         55 0
MIM1               drawing         60 0
MIM2               drawing         61 0
MIM3               drawing         62 0
VIA_F              drawing         70 0
METAL_F            drawing         71 0
METAL_F            label           71 1
METAL_F            pin             71 2
METAL_F            fill            71 3
METAL_F            blockFill       71 50
METAL_F            makeFill        71 51
METAL_F            slot            71 4
METAL_F            locked0         71 90
VIA_T              drawing         72 0
METAL_T            drawing         73 0
METAL_T            label           73 1
METAL_T            pin             73 2
METAL_T            fill            73 3
METAL_T            blockFill       73 50
METAL_T            makeFill        73 51
METAL_T            slot            73 4
SIL                drawing         80 0
PIQ                drawing         81 0
IVD                drawing         82 0
MD                 drawing         90 0
ZMOS               drawing         95 0
FPRO               drawing         96 0
MCEL               drawing         97 0
SIBP               drawing         98 0
PD_NWELL           drawing        159 0
PD_P_PLUS          drawing        160 0
NANO1              drawing        161 0
NANO2              drawing        162 0
NANO3              drawing        163 0
NANO4              drawing        164 0
NANO5              drawing        165 0
NANO6              drawing        166 0
NANO7              drawing        167 0
NANO8              drawing        168 0
NANO9              drawing        169 0
SNK0               drawing        170 0
DNWELL             drawing        173 0
PSUB               drawing        174 0
Unrouted           drawing        200 0
Row                drawing        201 0
Group              drawing        202 0
Cannotoccupy       drawing        203 0
Canplace           drawing        204 0
hardFence          drawing        205 0
softFence          drawing        206 0
y0                 drawing        207 0
y1                 drawing        208 0
y2                 drawing        209 0
y3                 drawing        210 0
y4                 drawing        211 0
y5                 drawing        212 0
y6                 drawing        213 0
y7                 drawing        214 0
y8                 drawing        215 0
y9                 drawing        216 0
designFlow         drawing        217 0
stretch            drawing        218 0
edgeLayer          drawing        219 0
changedLayer       drawing        220 0
unset              drawing        221 0
unknown            drawing        222 0
spike              drawing        223 0
hiz                drawing        224 0
resist             drawing        225 0
drive              drawing        226 0
supply             drawing        227 0
wire               drawing        228 0
pin                drawing        229 0
text               drawing        230 0
device             drawing        231 0
border             drawing        232 0
snap               drawing        233 0
align              drawing        234 0
prBoundary         drawing        235 0
instance           drawing        236 0
annotate           drawing        237 0
marker             drawing        238 0
select             drawing        239 0
grid               drawing        251 0
axis               drawing        252 0
hilite             drawing        253 0
background         drawing        254 0
SRAM_NW_WIDTH      drawing        150 1
SRAM_PW_SPC        drawing        150 2
SRAM_DIFF_WIDTH    drawing        150 3
SRAM_DIFF_SPC      drawing        150 4
SRAM_SD_OVLP_GT    drawing        150 5
SRAM_DIFF_OVLP_CT  drawing        150 6
SRAM_NW_OVLP_PACT  drawing        150 7
SRAM_PW_OVLP_NACT  drawing        150 8
